18:50:15 10.10.14.50 POST /feedback 403 X-Forwarded-For: 10.10.14.50
18:50:16 10.10.14.50 POST /feedback 201 X-Forwarded-For: 10.10.14.50
18:51:55 10.10.14.50 GET /dashboard 200 X-Forwarded-For: 10.10.14.50 adm_sess=adm_sess_replay_demo
18:53:10 10.10.14.50 GET /api/session/replay 200 X-Forwarded-For: U0NFTkFSSU83NXtCTFVFX0wwZ19IdW50M3JfTTRzdDNyfQ== adm_sess=adm_sess_replay_demo
12:41:29 ::1 GET / 200
12:41:29 ::1 GET /favicon.ico 404
12:41:31 ::1 GET / 200
12:41:32 ::1 GET / 200
12:41:35 ::1 GET /.well-known/appspecific/com.chrome.devtools.json 404
12:41:40 ::1 GET / 200
12:41:40 ::1 GET /.well-known/appspecific/com.chrome.devtools.json 404
12:41:40 ::1 GET /favicon.ico 404
12:47:56 ::1 GET /robots.txt 200
12:48:12 ::1 GET /dashboard 302
12:48:12 ::1 GET / 200
12:48:41 ::1 GET /dashboard 302
12:50:29 ::1 POST /feedback 403
12:53:24 ::1 GET / 200
12:57:06 ::1 GET / 200
12:57:06 ::1 GET /.well-known/appspecific/com.chrome.devtools.json 404
12:57:06 ::1 GET /favicon.ico 404
12:57:14 ::1 GET / 200
12:57:14 ::1 GET /.well-known/appspecific/com.chrome.devtools.json 404
12:57:14 ::1 GET /favicon.ico 404
12:57:23 ::1 GET /robots.txt 304
13:02:03 ::1 GET / 200
13:02:03 ::1 GET / 200
13:02:18 ::1 GET / 200
13:04:02 ::1 GET /api/session/reply 404
13:04:35 ::1 GET /robots.txt 304
13:04:35 ::1 GET /robots.txt 304
13:05:10 ::1 POST /feedback 403
13:07:13 ::1 GET /api/session/replay 200
13:08:12 ::1 GET /.well-known/appspecific/com.chrome.devtools.json 404
13:08:15 ::1 GET / 200
13:08:15 ::1 GET /.well-known/appspecific/com.chrome.devtools.json 404
13:08:15 ::1 GET /favicon.ico 404
13:14:29 ::1 POST /feedback 403
13:15:10 ::1 GET / 200
13:16:16 ::1 GET /api/session/replay 200
13:17:16 ::1 GET /dashboard 302 adm_sess=...
13:18:01 ::1 GET /dashboard 302 adm_sess=pending_mfa_verification
13:18:35 ::1 GET /api/session/replay 200
13:19:30 ::1 GET /dashboard 200 adm_sess=adm_sess_replay_cGVuZGluZ19t
13:36:12 ::1 POST /feedback 201
13:36:31 ::1 POST /feedback 201
13:37:15 ::1 POST /feedback 201
13:38:03 ::1 POST /feedback 201
13:38:03 ::1 GET /.well-known/appspecific/com.chrome.devtools.json 404
13:38:40 ::1 GET / 200
13:38:40 ::1 GET /.well-known/appspecific/com.chrome.devtools.json 404
13:39:08 ::1 POST /feedback 201
13:39:08 ::1 GET /.well-known/appspecific/com.chrome.devtools.json 404
13:39:46 ::1 POST /feedback 201
13:39:46 ::1 GET /.well-known/appspecific/com.chrome.devtools.json 404
13:39:48 ::1 GET / 200
13:39:48 ::1 GET /.well-known/appspecific/com.chrome.devtools.json 404
13:39:52 ::1 POST /feedback 403
13:39:52 ::1 GET /.well-known/appspecific/com.chrome.devtools.json 404
13:39:54 ::1 GET /.well-known/appspecific/com.chrome.devtools.json 404
13:39:54 ::1 GET /.well-known/appspecific/com.chrome.devtools.json 404
13:39:59 ::1 POST /feedback 403
13:39:59 ::1 GET /.well-known/appspecific/com.chrome.devtools.json 404
13:40:00 ::1 GET /.well-known/appspecific/com.chrome.devtools.json 404
13:40:00 ::1 GET /.well-known/appspecific/com.chrome.devtools.json 404
13:40:12 ::1 POST /feedback 403
13:40:12 ::1 GET /.well-known/appspecific/com.chrome.devtools.json 404
13:40:15 ::1 GET /.well-known/appspecific/com.chrome.devtools.json 404
13:40:15 ::1 GET /.well-known/appspecific/com.chrome.devtools.json 404
13:40:17 ::1 POST /feedback 403
13:40:17 ::1 GET /.well-known/appspecific/com.chrome.devtools.json 404
13:40:18 ::1 GET /.well-known/appspecific/com.chrome.devtools.json 404
13:40:18 ::1 GET /.well-known/appspecific/com.chrome.devtools.json 404
13:45:57 ::1 POST /feedback 403
13:45:57 ::1 GET /.well-known/appspecific/com.chrome.devtools.json 404
13:45:59 ::1 GET / 200
13:45:59 ::1 GET /.well-known/appspecific/com.chrome.devtools.json 404
13:46:00 ::1 POST /feedback 403
13:46:00 ::1 GET /.well-known/appspecific/com.chrome.devtools.json 404
13:46:01 ::1 GET /.well-known/appspecific/com.chrome.devtools.json 404
13:46:01 ::1 GET /.well-known/appspecific/com.chrome.devtools.json 404
13:46:02 ::1 POST /feedback 403
13:46:02 ::1 GET /.well-known/appspecific/com.chrome.devtools.json 404
13:46:11 ::1 GET /.well-known/appspecific/com.chrome.devtools.json 404
13:46:11 ::1 GET /.well-known/appspecific/com.chrome.devtools.json 404
13:46:12 ::1 POST /feedback 403
13:46:12 ::1 GET /.well-known/appspecific/com.chrome.devtools.json 404
13:46:24 ::1 GET /.well-known/appspecific/com.chrome.devtools.json 404
13:46:24 ::1 GET /.well-known/appspecific/com.chrome.devtools.json 404
13:47:24 ::1 POST /feedback 201
13:47:24 ::1 GET /.well-known/appspecific/com.chrome.devtools.json 404
13:48:38 ::1 GET / 200
13:48:38 ::1 GET /.well-known/appspecific/com.chrome.devtools.json 404
13:48:48 ::1 POST /feedback 201
13:48:48 ::1 GET /.well-known/appspecific/com.chrome.devtools.json 404
13:48:48 ::1 POST /api/telemetry 200
13:48:59 ::1 GET / 200
13:48:59 ::1 GET /.well-known/appspecific/com.chrome.devtools.json 404
13:49:06 ::1 POST /feedback 201
13:49:06 ::1 GET /.well-known/appspecific/com.chrome.devtools.json 404
13:49:06 ::1 POST /api/telemetry 200
13:51:16 ::1 GET / 200
13:51:16 ::1 GET /.well-known/appspecific/com.chrome.devtools.json 404
13:51:24 ::1 POST /feedback 403
13:51:24 ::1 GET /.well-known/appspecific/com.chrome.devtools.json 404
13:51:28 ::1 GET /.well-known/appspecific/com.chrome.devtools.json 404
13:51:28 ::1 GET /.well-known/appspecific/com.chrome.devtools.json 404
13:52:27 ::1 POST /feedback 403
13:52:27 ::1 GET /.well-known/appspecific/com.chrome.devtools.json 404
13:52:29 ::1 GET / 200
13:52:29 ::1 GET /.well-known/appspecific/com.chrome.devtools.json 404
13:53:40 ::1 POST /feedback 201
13:53:40 ::1 GET /.well-known/appspecific/com.chrome.devtools.json 404
13:54:22 ::1 GET / 200
13:54:22 ::1 GET /.well-known/appspecific/com.chrome.devtools.json 404
13:54:29 ::1 GET / 200
13:54:29 ::1 GET /.well-known/appspecific/com.chrome.devtools.json 404
13:54:42 ::1 GET / 200
13:54:56 ::1 POST /feedback 403
